# Integer comparisons
- true
- false
- false
- true
- true
- false
- false
- true
- false
- true
- true
- false
- false
- true
- false
- true

# Float comparisons
- true
- true
- true
- true
- true
- true
- true
- true
- true
- true
- true
- true
- true

# String comparisons
- true
- false
- false
- true

# Boolean comparisons
- true
- false
- false
- true

# Different types should not be equal
- false
- false
- false
- false
- true
- true
- true
- true
