a: 1
b: 2
---
c: 3
d: 4
---
merged:
  a: 1
  b: 2
  c: 3
  d: 4
  e: 5
---
merged2:
  a: 1
  b: 2
  c: 3
  d: 4
  e: 5
---
nilmerge:
  a: 1
  b: 2
  c: 3
  d: 4
  e: 5
