60f8ea605ea7b005926f81b37e416b18955c0f15049d1a75f62aacf218a12653
