"AB"
---
true
---
false
---
"8080"
---
"Hello, World! 42"
---
"apple, banana, cherry"
---
"Hello, Universe!"
---
"dffd6021bb2bd5b0af676290809ec3a53191dd81c7f70a4b28688a362182986f"
---
["apple", "banana", "cherry"]
---
"HELLO, WORLD!"
---
"hello, world!"
---
"Hello, World!"
