a: 1
b: 2

---
piyo

---
[hoge, fuga, neko]

---
app:
  name: myapp               # input1 にしかないので残る
  version: 1.1              # input2 で上書き
  metadata:
    maintainers:
      - carol@example.com   # input2 で上書き
    labels:
      tier: frontend        # input1
      region: eu-central    # input2 で上書き
      env: production       # input2 新規
  features:
    login: true             # input1
    payments: true          # input2 で上書き
    analytics: true         # input2 新規
servers:
  - host: cache1.example.com
    port: 6379
newSection:
  enabled: true             # input2 新規

---
- - a
  - 1
- - b
  - 2

---
[1, 2]
